// Vitest Snapshot v1, https://vitest.dev/guide/snapshot.html

exports[`ExportTableButton > Display button correctly 1`] = `
"<div class="flex justify-center mt-3 mr-3 ml-3 rounded">
  <!---->
</div>
<div class="flex justify-center m-3"><button type="button" class="focus:outline-none disabled:cursor-not-allowed disabled:opacity-75 flex-shrink-0 font-medium rounded-md text-sm gap-x-1.5 px-2.5 py-1.5 shadow-sm text-white dark:text-gray-900 bg-primary-500 hover:bg-primary-600 disabled:bg-primary-500 dark:bg-primary-400 dark:hover:bg-primary-500 dark:disabled:bg-primary-400 focus-visible:outline focus-visible:outline-2 focus-visible:outline-offset-2 focus-visible:outline-primary-500 dark:focus-visible:outline-primary-400 inline-flex items-center">
    <!--v-if--><span class="">Export Data</span><svg data-v-4fa0a2a1="" xmlns="http://www.w3.org/2000/svg" xmlns:xlink="http://www.w3.org/1999/xlink" aria-hidden="true" role="img" class="icon w-5 h-5" width="24px" height="24px" viewBox="0 0 24 24">
      <path fill="currentColor" d="m16.2 20.5l2.8-2.8V20h1v-4h-4v1h2.3l-2.8 2.8zM18 23q-2.075 0-3.537-1.463T13 18q0-2.075 1.463-3.537T18 13q2.075 0 3.538 1.463T23 18q0 2.075-1.463 3.538T18 23M7 9h10V7H7zm4.675 12H5q-.825 0-1.412-.587T3 19V5q0-.825.588-1.412T5 3h14q.825 0 1.413.588T21 5v6.7q-.725-.35-1.463-.525T18 11q-.275 0-.513.012t-.487.063V11H7v2h6.125q-.45.425-.812.925T11.675 15H7v2h4.075q-.05.25-.062.488T11 18q0 .825.15 1.538T11.675 21"></path>
    </svg>
  </button></div>"
`;
